// Jest Snapshot v1, https://goo.gl/fbAQLP

exports[`Pruebas en el About View debe de renderizar el compoennete correctamente 1`] = `
<img src="" alt="">
<h1>Hola Mundo</h1>
<div id="nav"><button class="btn btn-primary">Primary</button><button class="btn btn-secondary">Secondary</button><button class="btn btn-success">Warning</button></div>
`;
